---
source: cyclonedx-bom/src/specs/v1_3/mod.rs
expression: actual

---
[
  {
    "expression": "expression"
  },
  {
    "license": {
      "id": "id",
      "text": {
        "contentType": "content type",
        "encoding": "encoding",
        "content": "content"
      },
      "url": "url"
    }
  },
  {
    "license": {
      "name": "name",
      "text": {
        "contentType": "content type",
        "encoding": "encoding",
        "content": "content"
      },
      "url": "url"
    }
  }
]
