---
source: cyclonedx-bom/src/lib.rs
expression: actual

---
{
  "bomFormat": "CycloneDX",
  "specVersion": "1.3",
  "version": 1,
  "serialNumber": "fake-uuid"
}
